// Vitest Snapshot v1, https://vitest.dev/guide/snapshot.html

exports[`CheckIcon component > 320px layout matches snapshot 1`] = `
<DocumentFragment>
  <svg
    aria-hidden="true"
    fill="currentColor"
    viewBox="0 0 20 20"
  >
    <path
      clip-rule="evenodd"
      d="M16.707 5.293a1 1 0 010 1.414L8.414 15l-4.121-4.121a1 1 0 011.414-1.414L8.414 12.586l7.293-7.293a1 1 0 011.414 0z"
      fill-rule="evenodd"
    />
  </svg>
</DocumentFragment>
`;

exports[`CheckIcon component > matches snapshot 1`] = `
<DocumentFragment>
  <svg
    aria-hidden="true"
    fill="currentColor"
    viewBox="0 0 20 20"
  >
    <path
      clip-rule="evenodd"
      d="M16.707 5.293a1 1 0 010 1.414L8.414 15l-4.121-4.121a1 1 0 011.414-1.414L8.414 12.586l7.293-7.293a1 1 0 011.414 0z"
      fill-rule="evenodd"
    />
  </svg>
</DocumentFragment>
`;
