// Vitest Snapshot v1, https://vitest.dev/guide/snapshot.html

exports[`desktop layout matches snapshot 1`] = `
<section
  class="section-divider scroll-mt-16 container space-y-6"
  style="opacity: 0; transform: translateY(20px);"
>
  <div
    class="flex items-center justify-between border-b border-gray-600 pb-1"
  >
    <h2
      class="text-3xl font-serif font-semibold tracking-wide text-silver"
    >
      Credentials
    </h2>
    <img
      alt="Certified NNA Notary Signing Agent 2025 badge"
      class="w-20 sm:w-24 md:w-28 lg:w-32 -mb-6 mr-2 lg:mr-4"
      src="/nna-badge.png"
    />
  </div>
  <ul
    class="space-y-4"
  >
    <li
      class="flex items-start"
    >
      <svg
        aria-hidden="true"
        class="mr-2 h-5 w-5 text-silver"
        fill="currentColor"
        viewBox="0 0 20 20"
      >
        <path
          clip-rule="evenodd"
          d="M16.707 5.293a1 1 0 010 1.414L8.414 15l-4.121-4.121a1 1 0 011.414-1.414L8.414 12.586l7.293-7.293a1 1 0 011.414 0z"
          fill-rule="evenodd"
        />
      </svg>
      <span
        class="text-platinum"
      >
        Licensed & Bonded
      </span>
    </li>
    <li
      class="flex items-start"
    >
      <svg
        aria-hidden="true"
        class="mr-2 h-5 w-5 text-silver"
        fill="currentColor"
        viewBox="0 0 20 20"
      >
        <path
          clip-rule="evenodd"
          d="M16.707 5.293a1 1 0 010 1.414L8.414 15l-4.121-4.121a1 1 0 011.414-1.414L8.414 12.586l7.293-7.293a1 1 0 011.414 0z"
          fill-rule="evenodd"
        />
      </svg>
      <span
        class="text-platinum"
      >
        Certified Signing Agent
      </span>
    </li>
    <li
      class="flex items-start"
    >
      <svg
        aria-hidden="true"
        class="mr-2 h-5 w-5 text-silver"
        fill="currentColor"
        viewBox="0 0 20 20"
      >
        <path
          clip-rule="evenodd"
          d="M16.707 5.293a1 1 0 010 1.414L8.414 15l-4.121-4.121a1 1 0 011.414-1.414L8.414 12.586l7.293-7.293a1 1 0 011.414 0z"
          fill-rule="evenodd"
        />
      </svg>
      <span
        class="text-platinum"
      >
        Member of National Notary Association
      </span>
    </li>
  </ul>
</section>
`;

exports[`mobile landscape layout matches snapshot 1`] = `
<section
  class="section-divider scroll-mt-16 container space-y-6"
  style="opacity: 0; transform: translateY(20px);"
>
  <div
    class="flex items-center justify-between border-b border-gray-600 pb-1"
  >
    <h2
      class="text-3xl font-serif font-semibold tracking-wide text-silver"
    >
      Credentials
    </h2>
    <img
      alt="Certified NNA Notary Signing Agent 2025 badge"
      class="w-20 sm:w-24 md:w-28 lg:w-32 -mb-6 mr-2 lg:mr-4"
      src="/nna-badge.png"
    />
  </div>
  <ul
    class="space-y-4"
  >
    <li
      class="flex items-start"
    >
      <svg
        aria-hidden="true"
        class="mr-2 h-5 w-5 text-silver"
        fill="currentColor"
        viewBox="0 0 20 20"
      >
        <path
          clip-rule="evenodd"
          d="M16.707 5.293a1 1 0 010 1.414L8.414 15l-4.121-4.121a1 1 0 011.414-1.414L8.414 12.586l7.293-7.293a1 1 0 011.414 0z"
          fill-rule="evenodd"
        />
      </svg>
      <span
        class="text-platinum"
      >
        Licensed & Bonded
      </span>
    </li>
    <li
      class="flex items-start"
    >
      <svg
        aria-hidden="true"
        class="mr-2 h-5 w-5 text-silver"
        fill="currentColor"
        viewBox="0 0 20 20"
      >
        <path
          clip-rule="evenodd"
          d="M16.707 5.293a1 1 0 010 1.414L8.414 15l-4.121-4.121a1 1 0 011.414-1.414L8.414 12.586l7.293-7.293a1 1 0 011.414 0z"
          fill-rule="evenodd"
        />
      </svg>
      <span
        class="text-platinum"
      >
        Certified Signing Agent
      </span>
    </li>
    <li
      class="flex items-start"
    >
      <svg
        aria-hidden="true"
        class="mr-2 h-5 w-5 text-silver"
        fill="currentColor"
        viewBox="0 0 20 20"
      >
        <path
          clip-rule="evenodd"
          d="M16.707 5.293a1 1 0 010 1.414L8.414 15l-4.121-4.121a1 1 0 011.414-1.414L8.414 12.586l7.293-7.293a1 1 0 011.414 0z"
          fill-rule="evenodd"
        />
      </svg>
      <span
        class="text-platinum"
      >
        Member of National Notary Association
      </span>
    </li>
  </ul>
</section>
`;

exports[`mobile portrait layout matches snapshot 1`] = `
<section
  class="section-divider scroll-mt-16 container space-y-6"
  style="opacity: 0; transform: translateY(20px);"
>
  <div
    class="flex items-center justify-between border-b border-gray-600 pb-1"
  >
    <h2
      class="text-3xl font-serif font-semibold tracking-wide text-silver"
    >
      Credentials
    </h2>
    <img
      alt="Certified NNA Notary Signing Agent 2025 badge"
      class="w-20 sm:w-24 md:w-28 lg:w-32 -mb-6 mr-2 lg:mr-4"
      src="/nna-badge.png"
    />
  </div>
  <ul
    class="space-y-4"
  >
    <li
      class="flex items-start"
    >
      <svg
        aria-hidden="true"
        class="mr-2 h-5 w-5 text-silver"
        fill="currentColor"
        viewBox="0 0 20 20"
      >
        <path
          clip-rule="evenodd"
          d="M16.707 5.293a1 1 0 010 1.414L8.414 15l-4.121-4.121a1 1 0 011.414-1.414L8.414 12.586l7.293-7.293a1 1 0 011.414 0z"
          fill-rule="evenodd"
        />
      </svg>
      <span
        class="text-platinum"
      >
        Licensed & Bonded
      </span>
    </li>
    <li
      class="flex items-start"
    >
      <svg
        aria-hidden="true"
        class="mr-2 h-5 w-5 text-silver"
        fill="currentColor"
        viewBox="0 0 20 20"
      >
        <path
          clip-rule="evenodd"
          d="M16.707 5.293a1 1 0 010 1.414L8.414 15l-4.121-4.121a1 1 0 011.414-1.414L8.414 12.586l7.293-7.293a1 1 0 011.414 0z"
          fill-rule="evenodd"
        />
      </svg>
      <span
        class="text-platinum"
      >
        Certified Signing Agent
      </span>
    </li>
    <li
      class="flex items-start"
    >
      <svg
        aria-hidden="true"
        class="mr-2 h-5 w-5 text-silver"
        fill="currentColor"
        viewBox="0 0 20 20"
      >
        <path
          clip-rule="evenodd"
          d="M16.707 5.293a1 1 0 010 1.414L8.414 15l-4.121-4.121a1 1 0 011.414-1.414L8.414 12.586l7.293-7.293a1 1 0 011.414 0z"
          fill-rule="evenodd"
        />
      </svg>
      <span
        class="text-platinum"
      >
        Member of National Notary Association
      </span>
    </li>
  </ul>
</section>
`;
