// Vitest Snapshot v1, https://vitest.dev/guide/snapshot.html

exports[`320px layout matches snapshot 1`] = `
<section
  aria-labelledby="credentials-heading"
  class="container mt-12 border-t border-deepgray py-8 text-center space-y-6 "
  style="opacity: 0; transform: translateY(20px);"
>
  <div
    class="flex items-center justify-center gap-4"
  >
    <h2
      class="-ml-8 text-3xl font-serif font-semibold tracking-wide heading-gradient text-silver"
      id="credentials-heading"
    >
      Credentials
    </h2>
    <img
      alt="Certified NNA Notary Signing Agent 2025 badge"
      class="h-20 w-auto flex-none"
      src="/nna-badge.png"
    />
  </div>
  <ul
    class="mx-auto w-max space-y-4 text-left"
  >
    <li
      class="flex items-start justify-start"
    >
      <svg
        aria-hidden="true"
        class="mr-2 h-5 w-5 text-silver"
        fill="currentColor"
        viewBox="0 0 20 20"
      >
        <path
          clip-rule="evenodd"
          d="M16.707 5.293a1 1 0 010 1.414L8.414 15l-4.121-4.121a1 1 0 011.414-1.414L8.414 12.586l7.293-7.293a1 1 0 011.414 0z"
          fill-rule="evenodd"
        />
      </svg>
      <span
        class="text-platinum"
      >
        Licensed & Bonded
      </span>
    </li>
    <li
      class="flex items-start justify-start"
    >
      <svg
        aria-hidden="true"
        class="mr-2 h-5 w-5 text-silver"
        fill="currentColor"
        viewBox="0 0 20 20"
      >
        <path
          clip-rule="evenodd"
          d="M16.707 5.293a1 1 0 010 1.414L8.414 15l-4.121-4.121a1 1 0 011.414-1.414L8.414 12.586l7.293-7.293a1 1 0 011.414 0z"
          fill-rule="evenodd"
        />
      </svg>
      <span
        class="text-platinum"
      >
        Certified Signing Agent
      </span>
    </li>
    <li
      class="flex items-start justify-start"
    >
      <svg
        aria-hidden="true"
        class="mr-2 h-5 w-5 text-silver"
        fill="currentColor"
        viewBox="0 0 20 20"
      >
        <path
          clip-rule="evenodd"
          d="M16.707 5.293a1 1 0 010 1.414L8.414 15l-4.121-4.121a1 1 0 011.414-1.414L8.414 12.586l7.293-7.293a1 1 0 011.414 0z"
          fill-rule="evenodd"
        />
      </svg>
      <span
        class="text-platinum"
      >
        Member of National Notary Association
      </span>
    </li>
  </ul>
</section>
`;

exports[`640px layout matches snapshot 1`] = `
<section
  aria-labelledby="credentials-heading"
  class="container mt-12 border-t border-deepgray py-8 text-center space-y-6 "
  style="opacity: 0; transform: translateY(20px);"
>
  <div
    class="flex items-center justify-center gap-4"
  >
    <h2
      class="-ml-8 text-3xl font-serif font-semibold tracking-wide heading-gradient text-silver"
      id="credentials-heading"
    >
      Credentials
    </h2>
    <img
      alt="Certified NNA Notary Signing Agent 2025 badge"
      class="h-20 w-auto flex-none"
      src="/nna-badge.png"
    />
  </div>
  <ul
    class="mx-auto w-max space-y-4 text-left"
  >
    <li
      class="flex items-start justify-start"
    >
      <svg
        aria-hidden="true"
        class="mr-2 h-5 w-5 text-silver"
        fill="currentColor"
        viewBox="0 0 20 20"
      >
        <path
          clip-rule="evenodd"
          d="M16.707 5.293a1 1 0 010 1.414L8.414 15l-4.121-4.121a1 1 0 011.414-1.414L8.414 12.586l7.293-7.293a1 1 0 011.414 0z"
          fill-rule="evenodd"
        />
      </svg>
      <span
        class="text-platinum"
      >
        Licensed & Bonded
      </span>
    </li>
    <li
      class="flex items-start justify-start"
    >
      <svg
        aria-hidden="true"
        class="mr-2 h-5 w-5 text-silver"
        fill="currentColor"
        viewBox="0 0 20 20"
      >
        <path
          clip-rule="evenodd"
          d="M16.707 5.293a1 1 0 010 1.414L8.414 15l-4.121-4.121a1 1 0 011.414-1.414L8.414 12.586l7.293-7.293a1 1 0 011.414 0z"
          fill-rule="evenodd"
        />
      </svg>
      <span
        class="text-platinum"
      >
        Certified Signing Agent
      </span>
    </li>
    <li
      class="flex items-start justify-start"
    >
      <svg
        aria-hidden="true"
        class="mr-2 h-5 w-5 text-silver"
        fill="currentColor"
        viewBox="0 0 20 20"
      >
        <path
          clip-rule="evenodd"
          d="M16.707 5.293a1 1 0 010 1.414L8.414 15l-4.121-4.121a1 1 0 011.414-1.414L8.414 12.586l7.293-7.293a1 1 0 011.414 0z"
          fill-rule="evenodd"
        />
      </svg>
      <span
        class="text-platinum"
      >
        Member of National Notary Association
      </span>
    </li>
  </ul>
</section>
`;

exports[`1024px layout matches snapshot 1`] = `
<section
  aria-labelledby="credentials-heading"
  class="container mt-12 border-t border-deepgray py-8 text-center space-y-6 "
  style="opacity: 0; transform: translateY(20px);"
>
  <div
    class="flex items-center justify-center gap-4"
  >
    <h2
      class="-ml-8 text-3xl font-serif font-semibold tracking-wide heading-gradient text-silver"
      id="credentials-heading"
    >
      Credentials
    </h2>
    <img
      alt="Certified NNA Notary Signing Agent 2025 badge"
      class="h-20 w-auto flex-none"
      src="/nna-badge.png"
    />
  </div>
  <ul
    class="mx-auto w-max space-y-4 text-left"
  >
    <li
      class="flex items-start justify-start"
    >
      <svg
        aria-hidden="true"
        class="mr-2 h-5 w-5 text-silver"
        fill="currentColor"
        viewBox="0 0 20 20"
      >
        <path
          clip-rule="evenodd"
          d="M16.707 5.293a1 1 0 010 1.414L8.414 15l-4.121-4.121a1 1 0 011.414-1.414L8.414 12.586l7.293-7.293a1 1 0 011.414 0z"
          fill-rule="evenodd"
        />
      </svg>
      <span
        class="text-platinum"
      >
        Licensed & Bonded
      </span>
    </li>
    <li
      class="flex items-start justify-start"
    >
      <svg
        aria-hidden="true"
        class="mr-2 h-5 w-5 text-silver"
        fill="currentColor"
        viewBox="0 0 20 20"
      >
        <path
          clip-rule="evenodd"
          d="M16.707 5.293a1 1 0 010 1.414L8.414 15l-4.121-4.121a1 1 0 011.414-1.414L8.414 12.586l7.293-7.293a1 1 0 011.414 0z"
          fill-rule="evenodd"
        />
      </svg>
      <span
        class="text-platinum"
      >
        Certified Signing Agent
      </span>
    </li>
    <li
      class="flex items-start justify-start"
    >
      <svg
        aria-hidden="true"
        class="mr-2 h-5 w-5 text-silver"
        fill="currentColor"
        viewBox="0 0 20 20"
      >
        <path
          clip-rule="evenodd"
          d="M16.707 5.293a1 1 0 010 1.414L8.414 15l-4.121-4.121a1 1 0 011.414-1.414L8.414 12.586l7.293-7.293a1 1 0 011.414 0z"
          fill-rule="evenodd"
        />
      </svg>
      <span
        class="text-platinum"
      >
        Member of National Notary Association
      </span>
    </li>
  </ul>
</section>
`;

exports[`1280px layout matches snapshot 1`] = `
<section
  aria-labelledby="credentials-heading"
  class="container mt-12 border-t border-deepgray py-8 text-center space-y-6 "
  style="opacity: 0; transform: translateY(20px);"
>
  <div
    class="flex items-center justify-center gap-4"
  >
    <h2
      class="-ml-8 text-3xl font-serif font-semibold tracking-wide heading-gradient text-silver"
      id="credentials-heading"
    >
      Credentials
    </h2>
    <img
      alt="Certified NNA Notary Signing Agent 2025 badge"
      class="h-20 w-auto flex-none"
      src="/nna-badge.png"
    />
  </div>
  <ul
    class="mx-auto w-max space-y-4 text-left"
  >
    <li
      class="flex items-start justify-start"
    >
      <svg
        aria-hidden="true"
        class="mr-2 h-5 w-5 text-silver"
        fill="currentColor"
        viewBox="0 0 20 20"
      >
        <path
          clip-rule="evenodd"
          d="M16.707 5.293a1 1 0 010 1.414L8.414 15l-4.121-4.121a1 1 0 011.414-1.414L8.414 12.586l7.293-7.293a1 1 0 011.414 0z"
          fill-rule="evenodd"
        />
      </svg>
      <span
        class="text-platinum"
      >
        Licensed & Bonded
      </span>
    </li>
    <li
      class="flex items-start justify-start"
    >
      <svg
        aria-hidden="true"
        class="mr-2 h-5 w-5 text-silver"
        fill="currentColor"
        viewBox="0 0 20 20"
      >
        <path
          clip-rule="evenodd"
          d="M16.707 5.293a1 1 0 010 1.414L8.414 15l-4.121-4.121a1 1 0 011.414-1.414L8.414 12.586l7.293-7.293a1 1 0 011.414 0z"
          fill-rule="evenodd"
        />
      </svg>
      <span
        class="text-platinum"
      >
        Certified Signing Agent
      </span>
    </li>
    <li
      class="flex items-start justify-start"
    >
      <svg
        aria-hidden="true"
        class="mr-2 h-5 w-5 text-silver"
        fill="currentColor"
        viewBox="0 0 20 20"
      >
        <path
          clip-rule="evenodd"
          d="M16.707 5.293a1 1 0 010 1.414L8.414 15l-4.121-4.121a1 1 0 011.414-1.414L8.414 12.586l7.293-7.293a1 1 0 011.414 0z"
          fill-rule="evenodd"
        />
      </svg>
      <span
        class="text-platinum"
      >
        Member of National Notary Association
      </span>
    </li>
  </ul>
</section>
`;
