// Vitest Snapshot v1, https://vitest.dev/guide/snapshot.html

exports[`MotionSection component > 320px layout matches snapshot 1`] = `
<DocumentFragment>
  <section
    class=""
    style="opacity: 0; transform: translateY(20px);"
  >
    Hello
  </section>
</DocumentFragment>
`;

exports[`MotionSection component > matches snapshot 1`] = `
<DocumentFragment>
  <section
    class=""
    style="opacity: 0; transform: translateY(20px);"
  >
    Hello
  </section>
</DocumentFragment>
`;
